// Jest Snapshot v1, https://goo.gl/fbAQLP

exports[`Component: MyComponent MyComponent renders with default props 1`] = `ShallowWrapper {}`;
